14:00:52 **** Incremental Build of configuration Debug for project test ****
make all 
make --no-print-directory pre-build
a9-linaro-pre-build-step
' '
make --no-print-directory main-build
'Building file: ../src/main.c'
'Invoking: ARM v7 gcc compiler'
arm-none-eabi-gcc -Wall -O0 -g3 -IC:/School/Vivado/ZynqDemoRemake/workspace_csp_test/csptest/export/csptest/sw/csptest/freertos10_xilinx_domain/bspinclude/include -I"C:\School\Vivado\ZynqDemoRemake\workspace_csp_test\test\lib" -I"C:\School\Vivado\ZynqDemoRemake\workspace_csp_test\test\lib\csp\include" -c -fmessage-length=0 -MT"src/main.o" -mcpu=cortex-a9 -mfpu=vfpv3 -mfloat-abi=hard -MMD -MP -MF"src/main.d" -MT"src/main.o" -o "src/main.o" "../src/main.c"
../src/main.c: In function 'main':
../src/main.c:44:14: warning: passing argument 1 of 'xTaskCreate' from incompatible pointer type [-Wincompatible-pointer-types]
   44 |  xTaskCreate(vIdleTask, "Idle task", 200, NULL, 5, &xIdleTask);
      |              ^~~~~~~~~
      |              |
      |              void (*)(struct tmrTimerControl *)
In file included from ../src/main.c:7:
C:/School/Vivado/ZynqDemoRemake/workspace_csp_test/csptest/export/csptest/sw/csptest/freertos10_xilinx_domain/bspinclude/include/task.h:340:44: note: expected 'TaskFunction_t' {aka 'void (*)(void *)'} but argument is of type 'void (*)(struct tmrTimerControl *)'
  340 |     BaseType_t xTaskCreate( TaskFunction_t pxTaskCode,
      |                             ~~~~~~~~~~~~~~~^~~~~~~~~~
'Finished building: ../src/main.c'
' '
'Building target: test.elf'
'Invoking: ARM v7 gcc linker'
arm-none-eabi-gcc -LC:/School/Vivado/ZynqDemoRemake/workspace_csp_test/csptest/export/csptest/sw/csptest/freertos10_xilinx_domain/bsplib/lib -mcpu=cortex-a9 -mfpu=vfpv3 -mfloat-abi=hard -Wl,-build-id=none -specs=Xilinx.spec -Wl,-T -Wl,../src/lscript.ld -o "test.elf"  ./src/can_driver.o ./src/csp_driver_can.o ./src/csp_hook_xil.o ./src/main.o ./src/staticrtos.o  ./lib/csp/src/interfaces/csp_if_can.o ./lib/csp/src/interfaces/csp_if_can_pbuf.o ./lib/csp/src/interfaces/csp_if_i2c.o ./lib/csp/src/interfaces/csp_if_lo.o ./lib/csp/src/interfaces/csp_if_tun.o ./lib/csp/src/interfaces/csp_if_zmqhub.o  ./lib/csp/src/crypto/csp_hmac.o ./lib/csp/src/crypto/csp_sha1.o  ./lib/csp/src/arch/freertos/csp_clock.o ./lib/csp/src/arch/freertos/csp_queue.o ./lib/csp/src/arch/freertos/csp_semaphore.o ./lib/csp/src/arch/freertos/csp_system.o ./lib/csp/src/arch/freertos/csp_time.o  ./lib/csp/src/csp_bridge.o ./lib/csp/src/csp_buffer.o ./lib/csp/src/csp_conn.o ./lib/csp/src/csp_crc32.o ./lib/csp/src/csp_debug.o ./lib/csp/src/csp_dedup.o ./lib/csp/src/csp_hex_dump.o ./lib/csp/src/csp_id.o ./lib/csp/src/csp_iflist.o ./lib/csp/src/csp_init.o ./lib/csp/src/csp_io.o ./lib/csp/src/csp_port.o ./lib/csp/src/csp_promisc.o ./lib/csp/src/csp_qfifo.o ./lib/csp/src/csp_rdp.o ./lib/csp/src/csp_rdp_queue.o ./lib/csp/src/csp_route.o ./lib/csp/src/csp_rtable_cidr.o ./lib/csp/src/csp_rtable_stdio.o ./lib/csp/src/csp_service_handler.o ./lib/csp/src/csp_services.o ./lib/csp/src/csp_sfp.o   -Wl,--start-group,-lxil,-lfreertos,-lgcc,-lc,--end-group
'Finished building target: test.elf'
' '
'Invoking: ARM v7 Print Size'
arm-none-eabi-size test.elf  |tee "test.elf.size"
   text	   data	    bss	    dec	    hex	filename
 177774	  10508	  92592	 280874	  4492a	test.elf
'Finished building: test.elf.size'
' '

14:00:54 Build Finished (took 1s.108ms)

